===============================================
THEME TOGGLE TESTING - FINAL RESULTS
===============================================

Date: 2025-12-05
Component: Theme Toggle Button & Dark Mode Switching
Test Framework: Puppeteer (Automated)
Browser: Chromium Headless
Status: ALL TESTS PASSED

===============================================
TEST SUMMARY
===============================================

Total Tests Run: 8
Passed: 8 (100%)
Failed: 0 (0%)
Warnings: 0
Console Errors: 0

===============================================
DETAILED RESULTS
===============================================

TEST 1: Initial Theme Load
Status: PASSED ✓
- Dark class correctly applied on initial load
- Respects system dark mode preference
- No theme in localStorage on first load (null) - CORRECT

TEST 2: Theme Toggle Click
Status: PASSED ✓
- Toggle button (#theme-toggle) found and clickable
- Initial state: dark mode (true)
- After click: light mode (false)
- Dark class successfully toggled

TEST 3a: Icon Visibility (Light Mode)
Status: PASSED ✓
- Moon icon visible (hidden: false)
- Sun icon hidden (hidden: true)
- Icons correctly match light theme

TEST 3b: Icon Visibility (Dark Mode)
Status: PASSED ✓
- Sun icon visible (hidden: false)
- Moon icon hidden (hidden: true)
- Icons correctly match dark theme

TEST 4: localStorage Persistence
Status: PASSED ✓
- Dark mode stored as 'dark' in localStorage
- Theme value matches DOM state
- localStorage setter working in click handler

TEST 5: Page Refresh Persistence
Status: PASSED ✓
- Before refresh: isDark=true, theme='dark'
- After refresh: isDark=true, theme='dark'
- FOUC prevention script working correctly
- Theme restored immediately on page load

TEST 6: Multiple Sequential Toggles
Status: PASSED ✓
- Completed 4 sequential toggles successfully
- Toggle sequence: true → false → true → false → true
- All states alternate correctly
- Final state matches initial state after 4 toggles
- No state corruption detected

TEST 7: Console Error Check
Status: PASSED ✓
- No JavaScript errors in console
- No warnings about missing elements
- Vercel Analytics debug messages are normal
- Vite HMR messages are expected development behavior

===============================================
BUILD STATUS
===============================================

Build Command: npm run build
Result: SUCCESS ✓
Build Time: 765ms
Pages Built: 2 (index.astro, guides.astro)
Errors: 0
Warnings: 0
Status: Production Ready

===============================================
CODE VERIFICATION
===============================================

File: /src/scripts/theme-toggle.ts
- Click handler implemented (lines 34-52): ✓
- Event listener attached correctly: ✓
- Dark class toggle logic: ✓
- localStorage persistence: ✓
- Icon update function called: ✓

File: /src/components/layout/Header.astro
- Theme toggle button ID correct: ✓
- Sun icon with .sun-icon class: ✓
- Moon icon with .moon-icon class: ✓
- Icons have 'hidden' class for toggling: ✓
- No duplicate scripts: ✓

File: /src/layouts/MainLayout.astro
- FOUC prevention script present: ✓
- initThemeToggle() initialized: ✓
- Error handling implemented: ✓
- Script timing correct: ✓

===============================================
PERFORMANCE METRICS
===============================================

Page Load Time: < 1 second
Theme Toggle Response: < 300ms
Icon Update Time: < 100ms
Page Refresh Restore: < 500ms
Build Time: 765ms

===============================================
FUNCTIONAL CHECKLIST
===============================================

✓ Dev server starts and runs correctly
✓ Application loads without errors
✓ Theme toggle button is clickable
✓ Clicking button switches to light mode
✓ Clicking button switches to dark mode
✓ Sun icon visible in dark mode
✓ Moon icon visible in light mode
✓ Theme is stored in localStorage
✓ Theme persists across page refresh
✓ Multiple toggles work reliably
✓ No console errors or warnings
✓ No Flash of Unstyled Content (FOUC)
✓ Build completes successfully
✓ No build errors or warnings

===============================================
BROWSER COMPATIBILITY
===============================================

Implementation uses standard APIs:
- DOM classList API: classList.add/remove/contains
- Web Storage API: localStorage.getItem/setItem
- Event API: addEventListener
- CSS: hidden class toggle

Expected Support: All modern browsers
- Chrome/Chromium ✓
- Firefox ✓
- Safari ✓
- Edge ✓

===============================================
ISSUES FOUND
===============================================

None. All tests passed with 100% success rate.

===============================================
RECOMMENDATIONS
===============================================

1. Status: No immediate action required
   - Implementation complete and fully functional
   - All tests passing
   - Zero bugs identified

2. Optional Enhancements:
   - Consider CSS transition for icon visibility
   - Monitor production performance
   - Consider keyboard shortcut (Ctrl+Shift+D)

3. Maintenance:
   - Keep automated test for regression testing
   - Monitor user feedback in console errors
   - Track localStorage theme in analytics if needed

===============================================
CONCLUSION
===============================================

Theme toggle fix has been successfully implemented and thoroughly tested.

Status: READY FOR PRODUCTION ✓

All functionality working correctly:
- Dark class toggling: ✓
- Icon visibility: ✓
- localStorage persistence: ✓
- Page refresh persistence: ✓
- Multiple toggles: ✓
- No console errors: ✓
- Zero build errors: ✓

Test Results: 8/8 PASSED (100%)
Build Status: SUCCESS
Overall Status: APPROVED FOR PRODUCTION

===============================================
TEST ARTIFACTS
===============================================

- Automated Test Script: test-theme-toggle-automated.js
- Build Output: npm run build
- Dev Server: npm run dev
- Manual Testing: http://localhost:4321

===============================================
